// Jest Snapshot v1, https://goo.gl/fbAQLP

exports[`<AddedCurrency /> renders correctly 1`] = `
Array [
  <div>
    Bitcoin
  </div>,
  <div
    className="ui input"
  >
    <input
      disabled={undefined}
      onChange={[Function]}
      placeholder="Enter Amount Owned"
      tabIndex={undefined}
      type="text"
      value="5"
    />
  </div>,
  <div>
    $100.00
  </div>,
  <div>
    $500.00
  </div>,
  <div>
    <button
      className="ui fade animated button"
      disabled={undefined}
      onClick={[Function]}
      role="button"
      tabIndex={undefined}
    >
      <div
        className="visible content"
      >
        Remove
      </div>
      <div
        className="hidden content"
      >
        <i
          aria-hidden="true"
          className="delete icon"
        />
      </div>
    </button>
  </div>,
]
`;
